Information: Propagating switching activity (low effort zero delay simulation). (PWR-6)
Warning: Design has unannotated primary inputs. (PWR-414)
Warning: Design has unannotated sequential cell outputs. (PWR-415)
 
****************************************
Report : power
        -analysis_effort low
Design : fe
Version: L-2016.03-SP3
Date   : Mon Oct  3 18:12:16 2016
****************************************


Library(s) Used:

    sc12mc_cmos28hpp_base_rvt_c34_ssa_nominal_max_0p765v_0c (File: /net/tdk/arm/gf/cmos28hpp/logic_ip/sc12mc_base_rvt_c34/r9p0/db/sc12mc_cmos28hpp_base_rvt_c34_ssa_nominal_max_0p765v_0c.db)
    sc12mc_cmos28hpp_base_rvt_c30_ssa_nominal_max_0p765v_0c (File: /net/tdk/arm/gf/cmos28hpp/logic_ip/sc12mc_base_rvt_c30/r9p0/db-ccs-tn/sc12mc_cmos28hpp_base_rvt_c30_ssa_nominal_max_0p765v_0c.db_ccs_tn)
    sc12mc_cmos28hpp_base_hvt_c30_ssa_nominal_max_0p765v_0c (File: /net/tdk/arm/gf/cmos28hpp/logic_ip/sc12mc_base_hvt_c30/r9p0/db/sc12mc_cmos28hpp_base_hvt_c30_ssa_nominal_max_0p765v_0c.db)
    sc12mc_cmos28hpp_base_rvt_c38_ssa_nominal_max_0p765v_0c (File: /net/tdk/arm/gf/cmos28hpp/logic_ip/sc12mc_base_rvt_c38/r9p0/db/sc12mc_cmos28hpp_base_rvt_c38_ssa_nominal_max_0p765v_0c.db)
    sc12mc_cmos28hpp_base_lvt_c34_ssa_nominal_max_0p765v_0c (File: /net/tdk/arm/gf/cmos28hpp/logic_ip/sc12mc_base_lvt_c34/r9p0/db/sc12mc_cmos28hpp_base_lvt_c34_ssa_nominal_max_0p765v_0c.db)
    sc12mc_cmos28hpp_base_lvt_c30_ssa_nominal_max_0p765v_0c (File: /net/tdk/arm/gf/cmos28hpp/logic_ip/sc12mc_base_lvt_c30/r9p0/db/sc12mc_cmos28hpp_base_lvt_c30_ssa_nominal_max_0p765v_0c.db)
    sc12mc_cmos28hpp_base_hvt_c34_ssa_nominal_max_0p765v_0c (File: /net/tdk/arm/gf/cmos28hpp/logic_ip/sc12mc_base_hvt_c34/r9p0/db/sc12mc_cmos28hpp_base_hvt_c34_ssa_nominal_max_0p765v_0c.db)
    sc12mc_cmos28hpp_base_hvt_c38_ssa_nominal_max_0p765v_0c (File: /net/tdk/arm/gf/cmos28hpp/logic_ip/sc12mc_base_hvt_c38/r9p0/db/sc12mc_cmos28hpp_base_hvt_c38_ssa_nominal_max_0p765v_0c.db)


Operating Conditions: ssa_nominal_max_0p765v_0c   Library: sc12mc_cmos28hpp_base_lvt_c30_ssa_nominal_max_0p765v_0c
Wire Load Model Mode: Inactive.


Global Operating Voltage = 0.765
Power-specific unit information :
    Voltage Units = 1V
    Capacitance Units = 1.000000pf
    Time Units = 1ns
    Dynamic Power Units = 1mW    (derived from V,C,T units)
    Leakage Power Units = 1uW

Warning: Cannot report correlated power unless power prediction mode is set. (PWR-727)
Power Breakdown
---------------

                             Cell        Driven Net  Tot Dynamic      Cell
                             Internal    Switching   Power (mW)       Leakage
Cell                         Power (mW)  Power (mW)  (% Cell/Tot)     Power (uW)
--------------------------------------------------------------------------------
Netlist Power                  35.8910    465.6317    501.5227 (7%)    372.4225
Estimated Clock Tree Power   N/A         N/A          (N/A)           N/A
--------------------------------------------------------------------------------

                 Internal         Switching           Leakage            Total
Power Group      Power            Power               Power              Power   (   %    )  Attrs
--------------------------------------------------------------------------------------------------
io_pad             0.0000            0.0000            0.0000            0.0000  (   0.00%)
memory             0.0000            0.0000            0.0000            0.0000  (   0.00%)
black_box          0.0000            0.0000            0.0000            0.0000  (   0.00%)
clock_network      0.7327          440.5062        8.0362e-02          441.2391  (  87.92%)
register           8.9132            2.5826           35.6532           11.5315  (   2.30%)
sequential         0.0000            0.0000            0.0000            0.0000  (   0.00%)
combinational     26.1987           22.5163          336.6889           49.0782  (   9.78%)
--------------------------------------------------------------------------------------------------
Total             35.8446 mW       465.6051 mW       372.4225 uW       501.8488 mW
1
